Day 1 of 20
  Mail Armour, 9, 19
  Mail Armour, 9, 0
  +5 Dexterity Vest, 9, 19
  Elixir of the Mongoose, 4, 6
  Aged Brie, 3, 10
  Aged Brie, 0, 50
  Backstage passes to a TAFKAL80ETC concert, 14, 18
  Backstage passes to a TAFKAL80ETC concert, 4, 50
  Sulfuras, Hand of Ragnaros, -1, 80
Day 2 of 20
  Mail Armour, 8, 18
  Mail Armour, 8, 0
  +5 Dexterity Vest, 8, 18
  Elixir of the Mongoose, 3, 5
  Aged Brie, 2, 11
  Aged Brie, -1, 50
  Backstage passes to a TAFKAL80ETC concert, 13, 19
  Backstage passes to a TAFKAL80ETC concert, 3, 50
  Sulfuras, Hand of Ragnaros, -1, 80
Day 3 of 20
  Mail Armour, 7, 17
  Mail Armour, 7, 0
  +5 Dexterity Vest, 7, 17
  Elixir of the Mongoose, 2, 4
  Aged Brie, 1, 12
  Aged Brie, -2, 50
  Backstage passes to a TAFKAL80ETC concert, 12, 20
  Backstage passes to a TAFKAL80ETC concert, 2, 50
  Sulfuras, Hand of Ragnaros, -1, 80
Day 4 of 20
  Mail Armour, 6, 16
  Mail Armour, 6, 0
  +5 Dexterity Vest, 6, 16
  Elixir of the Mongoose, 1, 3
  Aged Brie, 0, 13
  Aged Brie, -3, 50
  Backstage passes to a TAFKAL80ETC concert, 11, 21
  Backstage passes to a TAFKAL80ETC concert, 1, 50
  Sulfuras, Hand of Ragnaros, -1, 80
Day 5 of 20
  Mail Armour, 5, 15
  Mail Armour, 5, 0
  +5 Dexterity Vest, 5, 15
  Elixir of the Mongoose, 0, 2
  Aged Brie, -1, 15
  Aged Brie, -4, 50
  Backstage passes to a TAFKAL80ETC concert, 10, 22
  Backstage passes to a TAFKAL80ETC concert, 0, 50
  Sulfuras, Hand of Ragnaros, -1, 80
Day 6 of 20
  Mail Armour, 4, 14
  Mail Armour, 4, 0
  +5 Dexterity Vest, 4, 14
  Elixir of the Mongoose, -1, 0
  Aged Brie, -2, 17
  Aged Brie, -5, 50
  Backstage passes to a TAFKAL80ETC concert, 9, 24
  Backstage passes to a TAFKAL80ETC concert, -1, 0
  Sulfuras, Hand of Ragnaros, -1, 80
Day 7 of 20
  Mail Armour, 3, 13
  Mail Armour, 3, 0
  +5 Dexterity Vest, 3, 13
  Elixir of the Mongoose, -2, 0
  Aged Brie, -3, 19
  Aged Brie, -6, 50
  Backstage passes to a TAFKAL80ETC concert, 8, 26
  Backstage passes to a TAFKAL80ETC concert, -2, 0
  Sulfuras, Hand of Ragnaros, -1, 80
Day 8 of 20
  Mail Armour, 2, 12
  Mail Armour, 2, 0
  +5 Dexterity Vest, 2, 12
  Elixir of the Mongoose, -3, 0
  Aged Brie, -4, 21
  Aged Brie, -7, 50
  Backstage passes to a TAFKAL80ETC concert, 7, 28
  Backstage passes to a TAFKAL80ETC concert, -3, 0
  Sulfuras, Hand of Ragnaros, -1, 80
Day 9 of 20
  Mail Armour, 1, 11
  Mail Armour, 1, 0
  +5 Dexterity Vest, 1, 11
  Elixir of the Mongoose, -4, 0
  Aged Brie, -5, 23
  Aged Brie, -8, 50
  Backstage passes to a TAFKAL80ETC concert, 6, 30
  Backstage passes to a TAFKAL80ETC concert, -4, 0
  Sulfuras, Hand of Ragnaros, -1, 80
Day 10 of 20
  Mail Armour, 0, 10
  Mail Armour, 0, 0
  +5 Dexterity Vest, 0, 10
  Elixir of the Mongoose, -5, 0
  Aged Brie, -6, 25
  Aged Brie, -9, 50
  Backstage passes to a TAFKAL80ETC concert, 5, 32
  Backstage passes to a TAFKAL80ETC concert, -5, 0
  Sulfuras, Hand of Ragnaros, -1, 80
Day 11 of 20
  Mail Armour, -1, 8
  Mail Armour, -1, 0
  +5 Dexterity Vest, -1, 8
  Elixir of the Mongoose, -6, 0
  Aged Brie, -7, 27
  Aged Brie, -10, 50
  Backstage passes to a TAFKAL80ETC concert, 4, 35
  Backstage passes to a TAFKAL80ETC concert, -6, 0
  Sulfuras, Hand of Ragnaros, -1, 80
Day 12 of 20
  Mail Armour, -2, 6
  Mail Armour, -2, 0
  +5 Dexterity Vest, -2, 6
  Elixir of the Mongoose, -7, 0
  Aged Brie, -8, 29
  Aged Brie, -11, 50
  Backstage passes to a TAFKAL80ETC concert, 3, 38
  Backstage passes to a TAFKAL80ETC concert, -7, 0
  Sulfuras, Hand of Ragnaros, -1, 80
Day 13 of 20
  Mail Armour, -3, 4
  Mail Armour, -3, 0
  +5 Dexterity Vest, -3, 4
  Elixir of the Mongoose, -8, 0
  Aged Brie, -9, 31
  Aged Brie, -12, 50
  Backstage passes to a TAFKAL80ETC concert, 2, 41
  Backstage passes to a TAFKAL80ETC concert, -8, 0
  Sulfuras, Hand of Ragnaros, -1, 80
Day 14 of 20
  Mail Armour, -4, 2
  Mail Armour, -4, 0
  +5 Dexterity Vest, -4, 2
  Elixir of the Mongoose, -9, 0
  Aged Brie, -10, 33
  Aged Brie, -13, 50
  Backstage passes to a TAFKAL80ETC concert, 1, 44
  Backstage passes to a TAFKAL80ETC concert, -9, 0
  Sulfuras, Hand of Ragnaros, -1, 80
Day 15 of 20
  Mail Armour, -5, 0
  Mail Armour, -5, 0
  +5 Dexterity Vest, -5, 0
  Elixir of the Mongoose, -10, 0
  Aged Brie, -11, 35
  Aged Brie, -14, 50
  Backstage passes to a TAFKAL80ETC concert, 0, 47
  Backstage passes to a TAFKAL80ETC concert, -10, 0
  Sulfuras, Hand of Ragnaros, -1, 80
Day 16 of 20
  Mail Armour, -6, 0
  Mail Armour, -6, 0
  +5 Dexterity Vest, -6, 0
  Elixir of the Mongoose, -11, 0
  Aged Brie, -12, 37
  Aged Brie, -15, 50
  Backstage passes to a TAFKAL80ETC concert, -1, 0
  Backstage passes to a TAFKAL80ETC concert, -11, 0
  Sulfuras, Hand of Ragnaros, -1, 80
Day 17 of 20
  Mail Armour, -7, 0
  Mail Armour, -7, 0
  +5 Dexterity Vest, -7, 0
  Elixir of the Mongoose, -12, 0
  Aged Brie, -13, 39
  Aged Brie, -16, 50
  Backstage passes to a TAFKAL80ETC concert, -2, 0
  Backstage passes to a TAFKAL80ETC concert, -12, 0
  Sulfuras, Hand of Ragnaros, -1, 80
Day 18 of 20
  Mail Armour, -8, 0
  Mail Armour, -8, 0
  +5 Dexterity Vest, -8, 0
  Elixir of the Mongoose, -13, 0
  Aged Brie, -14, 41
  Aged Brie, -17, 50
  Backstage passes to a TAFKAL80ETC concert, -3, 0
  Backstage passes to a TAFKAL80ETC concert, -13, 0
  Sulfuras, Hand of Ragnaros, -1, 80
Day 19 of 20
  Mail Armour, -9, 0
  Mail Armour, -9, 0
  +5 Dexterity Vest, -9, 0
  Elixir of the Mongoose, -14, 0
  Aged Brie, -15, 43
  Aged Brie, -18, 50
  Backstage passes to a TAFKAL80ETC concert, -4, 0
  Backstage passes to a TAFKAL80ETC concert, -14, 0
  Sulfuras, Hand of Ragnaros, -1, 80
Day 20 of 20
  Mail Armour, -10, 0
  Mail Armour, -10, 0
  +5 Dexterity Vest, -10, 0
  Elixir of the Mongoose, -15, 0
  Aged Brie, -16, 45
  Aged Brie, -19, 50
  Backstage passes to a TAFKAL80ETC concert, -5, 0
  Backstage passes to a TAFKAL80ETC concert, -15, 0
  Sulfuras, Hand of Ragnaros, -1, 80